[     890ms] [LOG] JQMIGRATE: Migrate is installed, version 3.4.1 @ https://majorleaguefishing.com/wp-includes/js/jquery/jquery-migrate.min.js?ver=3.4.1:1
[    1226ms] [VERBOSE] [DOM] Input elements should have autocomplete attributes (suggested: "current-password"): (More info: https://goo.gl/9p2vKq) %o @ https://majorleaguefishing.com/angler-news/a-morning-with-wesley-strader-on-watts-bar-reservoir/:0
[    1505ms] [WARNING] [GPT] PubAdsService.collapseEmptyDivs is deprecated, use googletag.setConfig({collapseDiv: ...}) instead.
https://goo.gle/gpt-message#170 @ https://securepubads.g.doubleclick.net/pagead/managed/js/gpt/m202604240101/pubads_impl.js?cb=31098130:18
[    1509ms] [WARNING] [GPT] Slot.setTargeting is deprecated, use Slot.setConfig({targeting: ...}) instead.
https://goo.gle/gpt-message#171 @ https://securepubads.g.doubleclick.net/pagead/managed/js/gpt/m202604240101/pubads_impl.js?cb=31098130:18
[    1512ms] [WARNING] [GPT] Invalid arguments: SizeMappingBuilder.addSize([0, 0], [0, 0]). All zero-area slot sizes were removed.
https://goo.gle/gpt-message#151 @ https://securepubads.g.doubleclick.net/pagead/managed/js/gpt/m202604240101/pubads_impl.js?cb=31098130:18
[    1673ms] [WARNING] VIDEOJS: WARN: videojs.mergeOptions is deprecated and will be removed in 9.0; please use videojs.obj.merge instead. @ https://players.brightcove.net/6055873633001/6dHG6devs_default/index.html?videoId=6314812290112&playsinline=1&:30
[    1676ms] [WARNING] VIDEOJS: WARN: videojs.bind is deprecated and will be removed in 9.0; please use native Function.prototype.bind instead. @ https://players.brightcove.net/6055873633001/6dHG6devs_default/index.html?videoId=6314812290112&playsinline=1&:30
[    1706ms] TypeError: Object.defineProperty called on non-object
    at Object.defineProperty (<anonymous>)
    at https://majorleaguefishing.com/wp-content/themes/mlf/static/assets/main-m8uEGbFb.js:15:5706
[    3252ms] [ERROR] Attestation check for Shared Storage on https://www.googleadservices.com failed. @ https://www.googleadservices.com/pagead/managed/js/activeview/current/reach_worklet.html:0
[    3252ms] [ERROR] Attestation check for Shared Storage on https://www.googleadservices.com failed. @ https://www.googleadservices.com/pagead/managed/js/activeview/current/reach_worklet.html:0
[    3341ms] [ERROR] Attestation check for Shared Storage on https://www.googleadservices.com failed. @ https://www.googleadservices.com/pagead/managed/js/activeview/current/reach_worklet.html:0
[    3252ms] [ERROR] Attestation check for Shared Storage on https://www.googleadservices.com failed. @ https://www.googleadservices.com/pagead/managed/js/activeview/current/reach_worklet.html:0
[    3341ms] [ERROR] Attestation check for Shared Storage on https://www.googleadservices.com failed. @ https://www.googleadservices.com/pagead/managed/js/activeview/current/reach_worklet.html:0
[    3408ms] [ERROR] Attestation check for Shared Storage on https://www.googleadservices.com failed. @ https://www.googleadservices.com/pagead/managed/js/activeview/current/reach_worklet.html:0
[    3642ms] [TIMEEND] a: 0.0048828125 ms @ https://static.adsafeprotected.com/sca.17.6.4.js:31
[    6104ms] [ERROR] Failed to load resource: the server responded with a status of 424 (Failed Dependency) @ https://t.adx.opera.com/pub/sync?pubid=pub10101531197440&gdpr=1&gdpr_consent=:0
